-6 (6+0j)
-4 (2.3638066867472802+9.320141181841668e-102j)
-2 (-0.10816634315673612+6.298578634644906e-102j)
0 (-1.3281700620883545+1.579262846877319e-102j)
2 (-1.507132250071279+3.667747026526958e-102j)
4 (-0.15550159125632937+1.611534052210374e-102j)
6 (6+0j)
