-6 (6+0j)
-4 (2+4.2200425745385194e-120j)
-2 (1.669659417094269-5.134672780259518e-102j)
0 (-1.4757465040398932+1.9823740960018222e-102j)
2 (2+1.553257071273522e-120j)
4 (0.18078727431807629+5.4018442401056724e-102j)
6 (6+0j)
