-6 (6+0j)
-4 (1.5595574335508566-4.085707238134221e-102j)
-2 (-7.693530124497705-3.2436306407472326e-102j)
0 (-11.208048986954145+1.384408423817409e-103j)
2 (-7.424084518725045+6.401087047749369e-102j)
4 (2.0062343490749224-7.772690692381759e-102j)
6 (6+0j)
