-6 (6+0j)
-4 (0.9014188337100602-1.8213972665371386e-101j)
-2 (-6.835305832930715+2.464720905269435e-102j)
0 (-10.584341688187248-7.214018972819457e-102j)
2 (-5.318351942330549-6.090732013000159e-102j)
4 (0.5195184395600723-1.9282884732950545e-101j)
6 (6+0j)
