-6 (6+0j)
-4 (1.418718707474999-7.583813925801747e-102j)
-2 (-7.038264670323159-5.153098138667239e-103j)
0 (-10.575963157078425+6.513672168062526e-102j)
2 (-5.233952897667048-8.601404608068272e-102j)
4 (0.5599438522648021+1.1495654957827886e-102j)
6 (6+0j)
