-6 (6+0j)
-4 (3.236340769529711-7.720244619216616e-102j)
-2 (-5.790268262545491-2.908107359731242e-103j)
0 (-10.268382705499493+4.336272520609987e-102j)
2 (-5.498206325076548+0j)
4 (1.5112287209162716+2.1992595192134993e-102j)
6 (6+0j)
