-6 (6+0j)
-4 (0.13805073143740954+1.178453483409201e-101j)
-2 (-8.385979353499918-2.2724143842277805e-102j)
0 (-11.193345449289577-6.236817949273996e-103j)
2 (-8.372883043296108+4.490669360005884e-103j)
4 (0.41730405995327574-7.112916151770577e-102j)
6 (6+0j)
