-6 (6+0j)
-4 (1.3203419865923467-1.0104617152945252e-101j)
-2 (-8.002647198891827+2.914558160613024e-102j)
0 (-11.186603534601023-3.717356952994902e-103j)
2 (-8.127039625040828+2.3852128432670183e-102j)
4 (0.7660189870239144+0j)
6 (6+0j)
