-6 (6+0j)
-4 (2.9488377920986664+6.607477067575202e-103j)
-2 (-6.4246377513209625-5.213586909231243e-102j)
0 (-10.309827950635837+2.7649184103356837e-102j)
2 (-6.273412303428087-3.5633596396567715e-102j)
4 (1.521317072692838+9.271040828389707e-103j)
6 (6+0j)
