-6 (6+0j)
-4 (-0.4023662336895955-4.022648688164498e-102j)
-2 (-6.5897497497515864+3.895267359605711e-102j)
0 (-10.300207154867417-4.9186706529818055e-102j)
2 (-8.048949077596445+1.6312546211288727e-102j)
4 (1.483909032917164+1.2983609350061447e-101j)
6 (6+0j)
