-6 (6+0j)
-4 (0.07968923112510709+6.492919866539774e-102j)
-2 (-6.940934994138459-6.16671282928624e-102j)
0 (-10.628126430066123+1.9933313739443832e-102j)
2 (-6.333467431518726-4.3970805171746415e-103j)
4 (0.7022782733208919+6.448195283328467e-103j)
6 (6+0j)
