-6 (6+0j)
-4 (1.9128453958794212+4.089833469095875e-102j)
-2 (-4.0645703679860485-1.6405658375682315e-102j)
0 (-11.03438098479747+1.2454406439020493e-102j)
2 (-4.807410315367541+1.3705309575235455e-101j)
4 (1.8468400696763143-1.4751709957865115e-102j)
6 (6+0j)
