-6 (6+0j)
-4 (0.1606219614104034-9.173311087804295e-102j)
-2 (-8.18642651609117-9.943621084157928e-103j)
0 (-11.210554150628168-8.357262627665165e-104j)
2 (-8.241486261000336+0j)
4 (0.6489264882154415-3.089594826878765e-102j)
6 (6+0j)
