-6 (6+0j)
-4 (4.51950825292834+3.148226081385819e-102j)
-2 (3.4617045464360747-1.4656478460140732e-102j)
0 (3.005280942574557-3.0966360301807365e-102j)
2 (3.084833822829579+4.0283838544924336e-102j)
4 (3.8069466862271306+3.9646968792959246e-102j)
6 (6+0j)
