-6 (6+0j)
-4 (1.8774808886202305-5.8121702179906164e-102j)
-2 (-6.381281129066782-4.772193953118429e-102j)
0 (-10.354664063669297-1.0597500594818215e-101j)
2 (-6.3801382766480925+1.0625895162446946e-101j)
4 (1.4018109300367156-2.2542253967577187e-102j)
6 (6+0j)
