-6 (6+0j)
-4 (-1.0286900033826116-9.205673191962306e-103j)
-2 (-7.876457851719184+4.392865923487028e-102j)
0 (-10.660180258686339+7.674311848238308e-103j)
2 (-8.304772956682145+3.952162328265487e-102j)
4 (1.2336844468666766+1.4932451539303198e-101j)
6 (6+0j)
