-6 (6+0j)
-4 (-1.672895416932577+3.4346811197438383e-102j)
-2 (-8.3228991874667-1.3872585799123141e-102j)
0 (-11.138946607212466-2.109485793099612e-103j)
2 (-8.325059447733219+2.682950225311387e-102j)
4 (-0.9240446113434712-7.20206093465443e-102j)
6 (6+0j)
