-6 (6+0j)
-4 (2.0000001450921983+1.36734470000296e-108j)
-2 (2.0342579089781783+2.7395800939662362e-102j)
0 (-2.6815217132641593+3.3722783082665386e-102j)
2 (1.9999999912730506-6.2127844836960615e-109j)
4 (0.11608731804564922+2.4374312009157557e-102j)
6 (6+0j)
