-6 (6+0j)
-4 (1.9999999999951454-4.517114771172927e-114j)
-2 (1.0007801026720258-4.121535900542314e-102j)
0 (-2.538307609379019+5.305838594263877e-103j)
2 (2.0000000000001266-7.057154332395079e-116j)
4 (0.27610300010594996-1.2825452078141911e-102j)
6 (6+0j)
