-6 (6+0j)
-4 (5.075626262315915-1.596976805511064e-102j)
-2 (4.367094914818725-9.467379466571413e-103j)
0 (3.971771094026891-1.8952751937325438e-102j)
2 (3.9093283753999164+2.9702942705625126e-103j)
4 (4.485313791404079+9.255343245794316e-102j)
6 (6+0j)
