-6 (6+0j)
-4 (0.994290059614896-7.25007248468337e-102j)
-2 (-6.953281254981503-3.0983313436733296e-102j)
0 (-10.313481158705788-3.486846491936091e-102j)
2 (-5.175103001155738-2.9293579167592317e-102j)
4 (1.2210735850753736+5.905726792393268e-103j)
6 (6+0j)
