-6 (6+0j)
-4 (0.6461813621380247+1.680816129264721e-102j)
-2 (-4.970816028911052+2.253552539187609e-102j)
0 (-11.154194890797726+1.2534780378590525e-102j)
2 (-3.881868693596034+6.97289169993765e-102j)
4 (1.5249187795855603-1.9998512644729878e-101j)
6 (6+0j)
