[1.0, -1.0, 1.0, -1.0, -1.0, 1.0] (34.22512699329218-3.4775336977860416j)
[-1.0, 1.0, 1.0, -1.0, -1.0, -1.0] (23.533486919334806+2.8889100722368566j)
[1.0, 1.0, 1.0, -1.0, 1.0, 1.0] (-0.6349278363436299+2.3204971435704045j)
[1.0, 1.0, -1.0, -1.0, 1.0, -1.0] (30.658031517329-4.394666510686357j)
[1.0, 1.0, -1.0, -1.0, -1.0, -1.0] (-1.7396294561568544-6.776881104760791j)
[-1.0, -1.0, 1.0, -1.0, -1.0, -1.0] (24.82472950339818+4.510304414991715j)
[1.0, -1.0, 1.0, 1.0, 1.0, 1.0] (-1.0472397281723946-3.8266071632928393j)
[-1.0, 1.0, -1.0, -1.0, 1.0, -1.0] (54.559967925127395-3.484277259401378j)
[-1.0, 1.0, -1.0, -1.0, -1.0, -1.0] (24.730865313836162-5.686707311409703j)
[1.0, 1.0, -1.0, -1.0, -1.0, -1.0] (-1.7396294561568544-6.776881104760791j)
