[-1.0, -1.0, 1.0, -1.0, 1.0, -1.0] (4.0161691502768075-2.124588444879515j)
[1.0, -1.0, -1.0, -1.0, -1.0, 1.0] (6.465604891173723-2.574377750327725j)
[-1.0, 1.0, 1.0, -1.0, 1.0, -1.0] (3.1648126263731213-0.722487378912196j)
[1.0, -1.0, 1.0, 1.0, 1.0, 1.0] (10.227928450379506+3.054897878019962j)
[-1.0, 1.0, 1.0, -1.0, -1.0, -1.0] (1.758994359509715-2.628963750330012j)
[1.0, 1.0, -1.0, 1.0, 1.0, -1.0] (7.667831256470817+2.177292753841648j)
[1.0, -1.0, 1.0, -1.0, -1.0, -1.0] (6.123408190604223-3.1343052068661024j)
[-1.0, 1.0, -1.0, -1.0, 1.0, -1.0] (2.329214583918743-1.7543744498966012j)
[-1.0, -1.0, 1.0, 1.0, -1.0, -1.0] (3.848236133753508-1.445958453632815j)
[-1.0, 1.0, 1.0, 1.0, -1.0, 1.0] (3.7113033595584306+1.908396082307275j)
