[1.0, -1.0, -1.0, 1.0, -1.0, 1.0] (13.084643704881739+3.604461098621562j)
[-1.0, 1.0, -1.0, -1.0, 1.0, 1.0] (13.339424833569856+3.754233848573391j)
[-1.0, 1.0, 1.0, 1.0, -1.0, -1.0] (12.17218191034725+3.214247954806503j)
[1.0, 1.0, 1.0, 1.0, 1.0, 1.0] (5.239316956613954+0.09807175727236832j)
[1.0, -1.0, -1.0, 1.0, -1.0, -1.0] (8.646899092072925+4.57501769322774j)
[-1.0, 1.0, 1.0, -1.0, -1.0, -1.0] (7.624975795566116+4.014640529672872j)
[1.0, 1.0, 1.0, -1.0, -1.0, -1.0] (10.896334496696065+7.25888860042148j)
[1.0, 1.0, 1.0, 1.0, -1.0, -1.0] (7.090371256502318+4.040688145628832j)
[-1.0, 1.0, -1.0, -1.0, -1.0, -1.0] (8.90200921559977-1.6346213455212597j)
[1.0, -1.0, 1.0, 1.0, 1.0, -1.0] (7.809133370644168+7.97649963149879j)
