[1.0, 1.0, -1.0, 1.0, 1.0, 1.0] (18.047599333331952+8.577524208410821j)
[-1.0, -1.0, -1.0, 1.0, -1.0, -1.0] (12.011388328486898+4.7038134939547j)
[-1.0, -1.0, -1.0, -1.0, -1.0, 1.0] (11.921746520506082+3.685943707877443j)
[1.0, 1.0, 1.0, 1.0, 1.0, -1.0] (18.84659049374995+9.055492562134894j)
[1.0, -1.0, -1.0, -1.0, 1.0, 1.0] (15.01187192481866+7.796163544054752j)
[-1.0, -1.0, 1.0, 1.0, 1.0, -1.0] (15.201369714859867+6.181707524514234j)
[1.0, 1.0, 1.0, -1.0, -1.0, 1.0] (16.564239736597237+7.368141095439759j)
[-1.0, -1.0, -1.0, -1.0, -1.0, 1.0] (11.921746520506082+3.685943707877443j)
[-1.0, 1.0, 1.0, -1.0, -1.0, 1.0] (14.793989942297166+4.601633524698079j)
[1.0, -1.0, 1.0, -1.0, 1.0, 1.0] (16.26627025951919+8.255585454330037j)
