[1.0, 1.0, -1.0, 1.0, 1.0, -1.0] (12.156182676077318+7.544325601409461j)
[-1.0, -1.0, 1.0, 1.0, -1.0, 1.0] (13.669303717092712+4.707360420088995j)
[-1.0, -1.0, 1.0, 1.0, 1.0, 1.0] (10.716194517860721+7.5071901761660405j)
[-1.0, -1.0, 1.0, 1.0, -1.0, -1.0] (10.779521139831564+4.988789598565259j)
[1.0, -1.0, 1.0, 1.0, -1.0, -1.0] (13.681564620087157+7.855314030014382j)
[1.0, -1.0, 1.0, -1.0, -1.0, 1.0] (13.670111655923904+7.8438861677675j)
[1.0, -1.0, 1.0, 1.0, 1.0, -1.0] (11.938831446015989+10.569681856006257j)
[1.0, 1.0, 1.0, 1.0, 1.0, -1.0] (10.966020154808628+5.442198559340775j)
[-1.0, 1.0, -1.0, -1.0, -1.0, -1.0] (10.481395763976131-0.5227549723745802j)
[-1.0, -1.0, -1.0, -1.0, 1.0, -1.0] (7.216386596353711+7.146757811622944j)
