[-1.0, -1.0, -1.0, -1.0, 1.0, 1.0] (13.602219538935904+5.841774139983872j)
[-1.0, -1.0, -1.0, 1.0, -1.0, -1.0] (13.179312726881214+3.7177133062612846j)
[-1.0, -1.0, -1.0, 1.0, 1.0, -1.0] (13.741202767123344+6.2473542226129695j)
[-1.0, 1.0, -1.0, 1.0, 1.0, -1.0] (14.36167017024107+6.134479072362907j)
[1.0, -1.0, -1.0, 1.0, 1.0, -1.0] (14.136590029349158+9.175042819996335j)
[1.0, -1.0, -1.0, -1.0, 1.0, -1.0] (14.089788995812842+9.255094140912183j)
[-1.0, 1.0, -1.0, -1.0, 1.0, -1.0] (14.096411083526238+6.2359812836205j)
[-1.0, -1.0, 1.0, -1.0, -1.0, -1.0] (14.535768878252533+4.725593924138189j)
[1.0, 1.0, -1.0, -1.0, 1.0, -1.0] (14.430249119481571+9.261183433531514j)
[1.0, -1.0, -1.0, -1.0, -1.0, -1.0] (13.518890036523292+6.7098104751890215j)
