[-1.0, 1.0, -1.0, -1.0, 1.0, 1.0] (14.049154389740403+5.100583953932846j)
[-1.0, -1.0, -1.0, 1.0, 1.0, -1.0] (12.467779914172272+5.048858484630523j)
[-1.0, 1.0, -1.0, 1.0, 1.0, 1.0] (13.24890602611643+4.848421410201278j)
[-1.0, -1.0, -1.0, 1.0, 1.0, 1.0] (12.777154182633232+5.074175128181368j)
[1.0, -1.0, -1.0, -1.0, -1.0, 1.0] (12.282004574706072+5.427572637143162j)
[-1.0, -1.0, 1.0, -1.0, -1.0, 1.0] (13.61042394105443+5.402572511041065j)
[-1.0, -1.0, 1.0, 1.0, -1.0, -1.0] (12.195482948047998+5.418779760662076j)
[-1.0, -1.0, 1.0, 1.0, -1.0, 1.0] (14.037938186960677+5.098230293674725j)
[1.0, 1.0, 1.0, -1.0, 1.0, -1.0] (13.244938788870927+11.016681473753984j)
[1.0, -1.0, -1.0, 1.0, -1.0, -1.0] (13.603211973192494+5.257001004796761j)
