[1.0, 1.0, 1.0, 1.0, -1.0, 1.0] (-2.78510245987787-0.4188575624963457j)
[1.0, -1.0, -1.0, 1.0, 1.0, -1.0] (2.2020159323013178-8.235536196633744j)
[-1.0, -1.0, 1.0, -1.0, -1.0, -1.0] (-2.5659373073002425-0.05608575812126589j)
[-1.0, 1.0, -1.0, -1.0, -1.0, -1.0] (-1.7006069920364986-0.7436392710001745j)
[1.0, 1.0, 1.0, -1.0, -1.0, -1.0] (0.9646158068462195-1.8125382966034718j)
[1.0, 1.0, 1.0, -1.0, 1.0, -1.0] (-1.6704814906601388-5.6025453513147445j)
[-1.0, -1.0, -1.0, 1.0, 1.0, -1.0] (-3.244185961352772-2.8119194081922196j)
[-1.0, -1.0, 1.0, -1.0, -1.0, 1.0] (-0.2671683551833415+0.8249278119104908j)
[1.0, 1.0, -1.0, -1.0, -1.0, -1.0] (-2.3066030847688923-0.760097468250368j)
[1.0, -1.0, 1.0, -1.0, -1.0, -1.0] (-0.43929667854848803-2.3784464777617527j)
