[1.0, -1.0, -1.0, 1.0, 1.0, -1.0] (6.44408223151692+2.0262801616647597j)
[-1.0, -1.0, -1.0, -1.0, 1.0, -1.0] (2.7954516319099603-1.4378751903997011j)
[-1.0, -1.0, -1.0, -1.0, -1.0, -1.0] (1.4050839032276028-3.4263366382282334j)
[1.0, 1.0, -1.0, 1.0, 1.0, -1.0] (6.108169314956034+3.426871273507415j)
[1.0, -1.0, 1.0, -1.0, -1.0, 1.0] (5.177171573630852+0.6471794533626275j)
[1.0, -1.0, 1.0, 1.0, -1.0, -1.0] (5.560707795462872+1.1524251145731295j)
[1.0, 1.0, -1.0, -1.0, -1.0, -1.0] (3.118084352096608-0.6923379806109067j)
[-1.0, 1.0, 1.0, -1.0, 1.0, -1.0] (3.162632210249433+0.9966694806032308j)
[1.0, -1.0, 1.0, 1.0, 1.0, 1.0] (8.284915758591564+4.714314363025255j)
[-1.0, -1.0, 1.0, -1.0, 1.0, 1.0] (4.639400210342021+1.120215430741389j)
