[1.0, -1.0, 1.0, 1.0, 1.0, -1.0] (6.484880613816752+3.1406129190812875j)
[-1.0, -1.0, -1.0, 1.0, -1.0, -1.0] (2.934371747371995-1.3889847133046294j)
[1.0, 1.0, 1.0, 1.0, 1.0, -1.0] (6.407064001140439+4.601645413755266j)
[-1.0, 1.0, -1.0, -1.0, -1.0, -1.0] (1.3145840456356361-1.9520971669814708j)
[1.0, 1.0, 1.0, -1.0, -1.0, 1.0] (4.804210359543312+2.328246726596829j)
[1.0, 1.0, -1.0, -1.0, 1.0, 1.0] (5.508550547519026+3.0058182675527814j)
[1.0, 1.0, -1.0, -1.0, -1.0, -1.0] (2.920973756239033-0.5245568030426215j)
[1.0, 1.0, -1.0, 1.0, 1.0, 1.0] (7.127751221147278+5.008565652699346j)
[1.0, -1.0, 1.0, -1.0, -1.0, -1.0] (3.4908068672595665-0.6417616195527668j)
[1.0, -1.0, -1.0, -1.0, -1.0, 1.0] (4.205472555049313-0.30026854902322464j)
