[1.0, -1.0, -1.0, -1.0, -1.0, 1.0] (13.225367653525831+5.719825443143662j)
[1.0, 1.0, -1.0, 1.0, 1.0, -1.0] (14.189305115417618+8.209184264169863j)
[1.0, -1.0, -1.0, -1.0, 1.0, -1.0] (14.240701541995005+8.831197530398871j)
[1.0, -1.0, -1.0, -1.0, 1.0, 1.0] (13.459012096679324+8.597323116456565j)
[-1.0, 1.0, 1.0, -1.0, 1.0, -1.0] (14.42634728564528+8.509600352825018j)
[-1.0, 1.0, -1.0, 1.0, -1.0, -1.0] (13.958138312443824+2.4620332621574614j)
[-1.0, -1.0, -1.0, 1.0, 1.0, -1.0] (13.187039514687966+5.292315201478201j)
[-1.0, -1.0, -1.0, -1.0, 1.0, -1.0] (12.842415032512452+5.837569900653049j)
[-1.0, 1.0, 1.0, 1.0, 1.0, -1.0] (13.251337032054938+8.14528203422815j)
[1.0, -1.0, 1.0, 1.0, -1.0, 1.0] (14.311155307182192+8.227524063381198j)
