[1.0, 1.0, 1.0, 1.0, -1.0, -1.0] (-0.1282713370935191+1.838645479356189j)
[1.0, 1.0, -1.0, -1.0, -1.0, 1.0] (0.6196134704979666+2.201615625585758j)
[-1.0, -1.0, -1.0, 1.0, 1.0, 1.0] (0.6037316913624332+2.1744157892734957j)
[-1.0, -1.0, -1.0, 1.0, 1.0, -1.0] (-0.09453536560428108-0.7040771735533444j)
[-1.0, 1.0, -1.0, -1.0, -1.0, -1.0] (-1.4528865790104006-0.6464391501929058j)
[-1.0, -1.0, -1.0, 1.0, 1.0, 1.0] (0.6037316913624332+2.1744157892734957j)
[-1.0, 1.0, 1.0, -1.0, -1.0, 1.0] (1.3054136322273078+2.0583136934014035j)
[-1.0, -1.0, -1.0, 1.0, 1.0, 1.0] (0.6037316913624332+2.1744157892734957j)
[-1.0, 1.0, -1.0, -1.0, -1.0, 1.0] (0.603849728433636+2.700540477073016j)
[1.0, -1.0, 1.0, 1.0, 1.0, -1.0] (0.8481648514014342-1.6277903084041232j)
