[-1.0, -1.0, -1.0, -1.0, 1.0, -1.0] (1.7632809317036162-3.118270317835933j)
[-1.0, 1.0, -1.0, 1.0, 1.0, 1.0] (2.4555262385944028+5.052674755097281j)
[1.0, -1.0, -1.0, -1.0, 1.0, -1.0] (2.7745580030481647-4.120396008101314j)
[1.0, -1.0, -1.0, -1.0, -1.0, -1.0] (1.366401309361021-4.65449750851591j)
[-1.0, -1.0, -1.0, 1.0, -1.0, 1.0] (1.412508520584167+1.904392476365362j)
[-1.0, 1.0, -1.0, 1.0, 1.0, -1.0] (1.9158361156480725+2.7528787536202177j)
[-1.0, 1.0, 1.0, -1.0, -1.0, -1.0] (1.1232629312269122-0.6751505510964094j)
[-1.0, -1.0, 1.0, 1.0, -1.0, 1.0] (1.9035402315548555+2.9420735819813078j)
[1.0, 1.0, -1.0, 1.0, 1.0, 1.0] (1.3610184074447103+4.8290882186362145j)
[1.0, 1.0, -1.0, -1.0, -1.0, -1.0] (-0.014967870122234895-2.2599683171436737j)
