[1.0, 1.0, 1.0, 1.0, -1.0, 1.0] (8.64025111477806-2.116309311862321j)
[1.0, 1.0, -1.0, -1.0, -1.0, 1.0] (11.83388986556641+3.7121172004331804j)
[1.0, 1.0, -1.0, 1.0, -1.0, 1.0] (7.79984978237223+1.2485106663812806j)
[1.0, -1.0, -1.0, -1.0, 1.0, -1.0] (8.565543645682178+8.039586226040074j)
[-1.0, 1.0, 1.0, -1.0, 1.0, -1.0] (13.209306360374075+7.499700921769417j)
[1.0, 1.0, 1.0, 1.0, 1.0, -1.0] (6.1911362726197465+8.722167293919695j)
[1.0, 1.0, 1.0, -1.0, 1.0, -1.0] (8.947389120803946+8.62006111023026j)
[-1.0, -1.0, -1.0, 1.0, -1.0, 1.0] (8.644712446123535+1.7060875689875363j)
[-1.0, -1.0, 1.0, -1.0, 1.0, 1.0] (13.618994675564752+7.4808118650771185j)
[1.0, -1.0, -1.0, 1.0, 1.0, -1.0] (13.261433750555312+7.312993078217394j)
