[-1.0, -1.0, 1.0, -1.0, 1.0, 1.0] (3.9658570461207407-0.7103401306207442j)
[1.0, -1.0, 1.0, -1.0, -1.0, 1.0] (3.6041360939298777-3.6204006616691857j)
[-1.0, 1.0, 1.0, -1.0, 1.0, -1.0] (2.303284733944072-0.17214726484473092j)
[-1.0, -1.0, 1.0, -1.0, -1.0, -1.0] (1.6372654885050102-3.733357497424028j)
[-1.0, -1.0, -1.0, 1.0, -1.0, -1.0] (1.645491867095464-1.2409194866752777j)
[-1.0, 1.0, -1.0, 1.0, 1.0, 1.0] (2.5958329708047168+5.081248681272638j)
[1.0, -1.0, 1.0, -1.0, 1.0, -1.0] (5.252087482449104-3.250031744449483j)
[1.0, 1.0, -1.0, 1.0, -1.0, 1.0] (1.4433655893138033+1.9791279400502397j)
[-1.0, 1.0, 1.0, 1.0, -1.0, -1.0] (0.9727367590217294+1.8109289141696912j)
[-1.0, 1.0, 1.0, 1.0, -1.0, -1.0] (0.9727367590217294+1.8109289141696912j)
