[-1.0, -1.0, -1.0, 1.0, -1.0, -1.0] (-2.614544856873772-0.9484600266726505j)
[1.0, 1.0, -1.0, -1.0, -1.0, -1.0] (-3.248213812595627-1.8204316150116495j)
[-1.0, -1.0, -1.0, 1.0, -1.0, -1.0] (-2.614544856873772-0.9484600266726505j)
[1.0, -1.0, -1.0, -1.0, 1.0, 1.0] (0.979981081403332-1.980776168587374j)
[-1.0, 1.0, -1.0, -1.0, -1.0, 1.0] (-2.5263769977747215+1.4968960111757934j)
[-1.0, 1.0, 1.0, 1.0, -1.0, 1.0] (-2.181083391286631+6.6986548313209635j)
[-1.0, -1.0, 1.0, 1.0, -1.0, 1.0] (2.0860894787314934+1.0841971619219444j)
[-1.0, -1.0, -1.0, -1.0, 1.0, 1.0] (-4.5886483204568576-5.629552811520154j)
[-1.0, -1.0, 1.0, 1.0, 1.0, -1.0] (1.0673603479483342+4.22006481877819j)
[-1.0, -1.0, 1.0, 1.0, -1.0, -1.0] (-2.974121215022735+0.6280678241010292j)
