[1.0, 1.0, 1.0, 1.0, 1.0, 1.0] (-0.47077509568805187+10.164775825866684j)
[-1.0, -1.0, 1.0, -1.0, 1.0, -1.0] (99.06567453738072+3.4957654038760158j)
[1.0, 1.0, 1.0, 1.0, 1.0, 1.0] (-0.47077509568805187+10.164775825866684j)
[-1.0, -1.0, -1.0, -1.0, -1.0, 1.0] (-1.059419214918829-2.1015922118615067j)
[1.0, 1.0, -1.0, -1.0, -1.0, 1.0] (55.71395707301044-0.20831773990124652j)
[1.0, -1.0, 1.0, -1.0, -1.0, 1.0] (56.7566329747463-2.4958271770716567j)
[-1.0, 1.0, -1.0, -1.0, -1.0, -1.0] (48.382029838494255+2.318844633342219j)
[1.0, -1.0, -1.0, 1.0, 1.0, -1.0] (52.96635941267575-7.768748770003186j)
[1.0, -1.0, -1.0, 1.0, 1.0, -1.0] (52.96635941267575-7.768748770003186j)
[1.0, -1.0, -1.0, 1.0, 1.0, -1.0] (52.96635941267575-7.768748770003186j)
