[1.0, 1.0, 1.0, 1.0, -1.0, 1.0] (19.350820143010456+2.5972890932655996j)
[-1.0, -1.0, -1.0, -1.0, 1.0, -1.0] (32.736888249355836-0.6519712397279667j)
[-1.0, 1.0, 1.0, 1.0, -1.0, 1.0] (-2.109759605581755+6.238986964814796j)
[-1.0, -1.0, -1.0, -1.0, 1.0, -1.0] (32.736888249355836-0.6519712397279667j)
[1.0, 1.0, -1.0, 1.0, 1.0, -1.0] (18.425000967312055-1.7655501563145417j)
[-1.0, 1.0, -1.0, -1.0, 1.0, -1.0] (31.09568175876+6.6767822252383695j)
[-1.0, 1.0, 1.0, -1.0, 1.0, 1.0] (15.048002462235454-2.0434556871467353j)
[-1.0, 1.0, -1.0, -1.0, 1.0, -1.0] (31.09568175876+6.6767822252383695j)
[1.0, 1.0, -1.0, 1.0, 1.0, 1.0] (3.0047073365162738+6.0328606405730385j)
[1.0, -1.0, 1.0, -1.0, 1.0, 1.0] (-1.7817913190240993-0.29389494291737595j)
