[1.0, 1.0, 1.0, 1.0, 1.0, 1.0] (5.259161708094805+0.3975056524312433j)
[1.0, 1.0, 1.0, -1.0, 1.0, -1.0] (8.579554892907048+8.578903173126836j)
[-1.0, 1.0, -1.0, 1.0, 1.0, 1.0] (8.128548483151315+2.1542534877265282j)
[-1.0, -1.0, 1.0, 1.0, -1.0, -1.0] (6.253122046695947+2.380025787283098j)
[-1.0, -1.0, 1.0, 1.0, -1.0, -1.0] (6.253122046695947+2.380025787283098j)
[-1.0, 1.0, -1.0, -1.0, -1.0, -1.0] (7.569610287416502-1.3940480468550773j)
[1.0, -1.0, -1.0, -1.0, -1.0, -1.0] (8.264759561092252+2.695851070959326j)
[1.0, -1.0, -1.0, -1.0, 1.0, 1.0] (12.442911584392517+7.443971444949026j)
[1.0, 1.0, 1.0, -1.0, -1.0, 1.0] (7.2105734860387845+4.442240379826471j)
[1.0, 1.0, 1.0, 1.0, 1.0, 1.0] (5.259161708094805+0.3975056524312433j)
