[-1.0, 1.0, -1.0, 1.0, 1.0, 1.0] (2.0984054510680523+5.284010102645825j)
[1.0, -1.0, -1.0, -1.0, 1.0, -1.0] (1.6570658383753427-3.7750068409394046j)
[-1.0, -1.0, 1.0, 1.0, -1.0, -1.0] (0.8785503509894617+0.40473460137061523j)
[1.0, -1.0, -1.0, 1.0, 1.0, -1.0] (2.2837494832681964-0.6259066921480286j)
[1.0, -1.0, 1.0, 1.0, -1.0, -1.0] (2.0979507253292113-0.4167035476727509j)
[-1.0, -1.0, -1.0, -1.0, 1.0, -1.0] (0.8028046189843625-3.228846955700879j)
[-1.0, 1.0, -1.0, -1.0, -1.0, 1.0] (0.5900552134001064+1.9634179876657132j)
[-1.0, 1.0, 1.0, -1.0, 1.0, 1.0] (2.0697263721169508+1.8673609013994807j)
[1.0, -1.0, -1.0, -1.0, 1.0, 1.0] (0.7116864871658247-0.8392921572693757j)
[-1.0, -1.0, -1.0, -1.0, -1.0, -1.0] (-0.09011596040273388-3.5278717578706114j)
