[-1.0, -1.0, 1.0, 1.0, -1.0, -1.0] (-2.0996149113061047-1.3222202743002707j)
[1.0, 1.0, -1.0, 1.0, -1.0, -1.0] (1.972156714989092-5.034562865794571j)
[-1.0, -1.0, 1.0, 1.0, -1.0, -1.0] (-2.0996149113061047-1.3222202743002707j)
[-1.0, -1.0, 1.0, 1.0, 1.0, -1.0] (0.7395222254280163-1.8005735128182547j)
[1.0, -1.0, -1.0, -1.0, 1.0, -1.0] (-0.7253354948651906+1.545937917272338j)
[-1.0, 1.0, -1.0, 1.0, -1.0, -1.0] (-1.207123555415628+2.198013926273613j)
[-1.0, 1.0, -1.0, 1.0, 1.0, -1.0] (1.9286366894335185-4.948262889818455j)
[-1.0, -1.0, -1.0, 1.0, -1.0, 1.0] (-1.718682189036315+2.1559648100961692j)
[1.0, -1.0, 1.0, 1.0, 1.0, -1.0] (-1.4642934401929293-3.022811623283547j)
[1.0, 1.0, 1.0, -1.0, -1.0, 1.0] (-1.3926510830858774+0.48132829553347234j)
