[1.0, 1.0, -1.0, -1.0, -1.0, -1.0] (7.134479464049255+4.148374018309094j)
[1.0, 1.0, -1.0, -1.0, 1.0, 1.0] (7.587066267704713+5.620117580120046j)
[-1.0, 1.0, -1.0, 1.0, 1.0, 1.0] (8.691829029844687+1.9050974549936075j)
[-1.0, 1.0, -1.0, -1.0, 1.0, 1.0] (13.098912652720848+3.9842592291580057j)
[1.0, 1.0, -1.0, -1.0, -1.0, -1.0] (7.134479464049255+4.148374018309094j)
[-1.0, -1.0, 1.0, 1.0, -1.0, -1.0] (6.553323171584966+2.3938864496873045j)
[-1.0, 1.0, 1.0, 1.0, -1.0, 1.0] (8.22831720224933+1.952270641664416j)
[1.0, -1.0, -1.0, 1.0, -1.0, 1.0] (13.059030583279682+3.7544884880247693j)
[-1.0, -1.0, -1.0, 1.0, -1.0, -1.0] (4.626550851862653-5.072443596862107j)
[1.0, -1.0, 1.0, -1.0, 1.0, -1.0] (13.700494628987096+10.887738395991791j)
