[-1.0, -1.0, -1.0, 1.0, 1.0, -1.0] (-5.276498767825996+3.086252643664729j)
[1.0, -1.0, 1.0, 1.0, -1.0, 1.0] (-2.226001598425685+1.136530469744264j)
[-1.0, -1.0, 1.0, 1.0, -1.0, -1.0] (-4.981868427846145+0.34816807255448307j)
[1.0, -1.0, -1.0, 1.0, 1.0, 1.0] (-2.337581506927139-2.0969330573138176j)
[-1.0, 1.0, 1.0, -1.0, 1.0, -1.0] (2.5043157995157226+4.175071099412561j)
[-1.0, -1.0, 1.0, -1.0, -1.0, 1.0] (-2.4089186974236156-0.24059366613033797j)
[1.0, -1.0, 1.0, 1.0, 1.0, 1.0] (-1.0273612826444871+3.260772161233383j)
[-1.0, -1.0, -1.0, 1.0, 1.0, -1.0] (-5.276498767825996+3.086252643664729j)
[-1.0, -1.0, 1.0, -1.0, -1.0, -1.0] (-4.319464744968961+2.3782850102628035j)
[-1.0, 1.0, 1.0, 1.0, 1.0, 1.0] (0.06282327244461977+2.735090199351059j)
