[1.0, 1.0, 1.0, -1.0, -1.0, -1.0] (12.337130789918723+7.4391416830283505j)
[1.0, 1.0, 1.0, 1.0, -1.0, -1.0] (6.829630210550416+5.0030347306854j)
[1.0, 1.0, -1.0, -1.0, -1.0, 1.0] (12.353161734187674+3.897709847184012j)
[-1.0, -1.0, -1.0, 1.0, 1.0, 1.0] (11.245466699155365+3.831449208125636j)
[1.0, 1.0, 1.0, 1.0, 1.0, -1.0] (6.784427953707668+9.272141069365764j)
[-1.0, -1.0, 1.0, 1.0, 1.0, -1.0] (11.2053163548728+7.160965135678504j)
[-1.0, 1.0, -1.0, 1.0, 1.0, 1.0] (8.56054910669703+2.711730768689943j)
[-1.0, 1.0, 1.0, 1.0, 1.0, -1.0] (7.266581623761108+6.295739228536415j)
[1.0, -1.0, 1.0, 1.0, 1.0, -1.0] (6.420631505989063+7.42214920609382j)
[1.0, -1.0, -1.0, -1.0, -1.0, 1.0] (6.398491491664524+5.084296968808926j)
