[-1.0, 1.0, -1.0, 1.0, -1.0, -1.0] (8.97168758999434+1.0847727054896013j)
[1.0, 1.0, 1.0, 1.0, 1.0, 1.0] (5.092343934624064-0.07262019665928388j)
[-1.0, -1.0, 1.0, 1.0, -1.0, -1.0] (8.115871690601846+2.8332282818195296j)
[-1.0, -1.0, -1.0, -1.0, -1.0, 1.0] (7.857804433877696-0.31795706377046534j)
[1.0, -1.0, 1.0, 1.0, 1.0, 1.0] (7.646996288562377+0.8055809079252039j)
[1.0, -1.0, -1.0, -1.0, 1.0, -1.0] (7.615838950981381+8.05067793155574j)
[-1.0, 1.0, 1.0, 1.0, -1.0, 1.0] (8.2653131133527+0.7610331199078383j)
[1.0, -1.0, -1.0, -1.0, 1.0, -1.0] (7.615838950981381+8.05067793155574j)
[1.0, 1.0, 1.0, -1.0, -1.0, 1.0] (7.416045064406353+3.062950137848636j)
[-1.0, -1.0, 1.0, 1.0, -1.0, -1.0] (8.115871690601846+2.8332282818195296j)
