[1.0, -1.0, 1.0, -1.0, -1.0, 1.0] (11.024225045209134+1.3808824273567761j)
[1.0, -1.0, -1.0, 1.0, -1.0, -1.0] (-1.7473287206092931-8.079644380671512j)
[1.0, 1.0, -1.0, 1.0, 1.0, 1.0] (3.902458345545038+6.620954601159837j)
[-1.0, -1.0, -1.0, 1.0, -1.0, 1.0] (-2.9029374435203237-4.729127285636792j)
[1.0, 1.0, -1.0, 1.0, 1.0, 1.0] (3.902458345545038+6.620954601159837j)
[1.0, -1.0, 1.0, 1.0, 1.0, 1.0] (-0.43276585857528854-4.22823279166432j)
[1.0, 1.0, -1.0, 1.0, 1.0, -1.0] (6.640610892692627-0.526469875110133j)
[1.0, -1.0, -1.0, -1.0, 1.0, 1.0] (1.8967780793174864-2.356886396273878j)
[-1.0, -1.0, 1.0, -1.0, -1.0, -1.0] (1.8161159220263905+1.9835209179056916j)
[-1.0, 1.0, -1.0, 1.0, -1.0, 1.0] (2.9191182874775587-1.5431595185974534j)
