[1.0, -1.0, 1.0, 1.0, -1.0, -1.0] (15.350823262092643+7.402013798953857j)
[-1.0, -1.0, 1.0, 1.0, 1.0, 1.0] (15.837530353392081+6.0740724684663725j)
[1.0, 1.0, -1.0, -1.0, -1.0, -1.0] (14.444155371299319+7.259790926011156j)
[-1.0, 1.0, 1.0, 1.0, 1.0, 1.0] (17.73083686615666+6.502206458675467j)
[1.0, 1.0, 1.0, 1.0, -1.0, -1.0] (17.151729108197262+7.754047507671491j)
[-1.0, 1.0, -1.0, -1.0, 1.0, 1.0] (15.059251903002286+5.473282547368174j)
[1.0, 1.0, -1.0, -1.0, -1.0, 1.0] (15.229446912661942+7.055966395259838j)
[-1.0, 1.0, -1.0, 1.0, -1.0, -1.0] (13.823372196713139+5.200731034254061j)
[1.0, 1.0, -1.0, -1.0, -1.0, -1.0] (14.444155371299319+7.259790926011156j)
[1.0, 1.0, -1.0, -1.0, -1.0, 1.0] (15.229446912661942+7.055966395259838j)
