[1.0, -1.0, 1.0, -1.0, -1.0, -1.0] (-1.4693075163944918-3.610293562178425j)
[1.0, -1.0, 1.0, -1.0, -1.0, -1.0] (-1.4693075163944918-3.610293562178425j)
[-1.0, 1.0, 1.0, -1.0, -1.0, -1.0] (-1.6428539863752534-0.8892255431484036j)
[1.0, -1.0, 1.0, -1.0, -1.0, -1.0] (-1.4693075163944918-3.610293562178425j)
[-1.0, -1.0, 1.0, -1.0, -1.0, -1.0] (-2.8268510890245713+0.9728194334686066j)
[1.0, -1.0, -1.0, -1.0, 1.0, -1.0] (-1.8457272944210927+0.4358090284950358j)
[1.0, 1.0, 1.0, 1.0, 1.0, 1.0] (-0.15504619348784404+3.244864768752066j)
[-1.0, -1.0, -1.0, -1.0, -1.0, -1.0] (-2.4387970439154882-13.41118620100157j)
[-1.0, 1.0, 1.0, 1.0, -1.0, -1.0] (0.8490166057780603+1.1257430165514843j)
[1.0, -1.0, 1.0, 1.0, 1.0, -1.0] (-1.0947851461592115-3.380918496041337j)
